00:03.234  blend            | Read blend: "C:\Users\yasmo\EchoNetwork\artifacts\eleven-eleven\art\production\echo-opening-uniform-reference\echo-opening-uniform-v10.blend"
FBX version: 7500
b'LayerElementUV' '' missing data
b'LayerElementUV' '' missing data
FBX version: 7500
b'LayerElementUV' '' missing data
b'LayerElementUV' '' missing data
Info: Saved as "echo-opening-uniform-v14.blend"
INFO Draco is available, use library at C:\Tools\Blender-5.2.2-portable\blender-5.2.2-windows-x64\5.2\scripts\addons_core\io_scene_gltf2\bf_intern_draco_bridge.dll
INFO MeshOptimizer is available, use library at C:\Tools\Blender-5.2.2-portable\blender-5.2.2-windows-x64\5.2\scripts\addons_core\io_scene_gltf2\bf_intern_meshopt_bridge.dll
09:28:42 | INFO: Starting glTF 2.0 export
09:28:42 | INFO: Extracting primitive: EchoOpeningUniformMesh
09:28:44 | WARNING: More than one shader node tex image used for a texture. The resulting glTF sampler will behave like the first shader node tex image.
09:28:44 | INFO: Primitives created: 1
09:28:44 | WARNING: There are more than 4 joint vertex influences.The 4 with highest weight will be used (and normalized).
09:28:48 | INFO: Finished glTF 2.0 export in 5.800823211669922 s

V14_GAIT_REPORT {"preset:walk": {"source_frames": [221.0, 255.0], "frames": 34, "seconds": 1.1333333333333333, "steps_per_minute": 105.88235294117646, "floor_clearance_m_min_max": [0.00013345301151275636, 0.006677882969379425], "root_floor_correction_local_m_min_max": [-0.01922150141559541, 0.013956318199634552], "loop_pose_exact": true}, "preset:run": {"source_frames": [193.0, 220.0], "frames": 20, "seconds": 0.6666666666666666, "steps_per_minute": 180.0, "floor_clearance_m_min_max": [0.00016927063465118407, 0.00942925900220871], "root_floor_correction_local_m_min_max": [-0.029704665131866932, 0.019913805201649665], "loop_pose_exact": true}}
V14_OUTPUT C:\Users\yasmo\EchoNetwork\artifacts\eleven-eleven\godot\assets\characters\echo_opening_uniform_v14.glb
Blender 5.2.2 LTS (hash d13f752e3b9c built 2026-09-15 01:37:04)

Blender quit
