00:05.421  blend            | Read blend: "C:\Users\yasmo\EchoNetwork\artifacts\eleven-eleven\art\production\echo-opening-uniform-reference\echo-opening-uniform-v14.blend"
00:14.234  render           | Saved: 'C:\Users\yasmo\EchoNetwork\artifacts\eleven-eleven\art\production\echo-opening-uniform-reference\v14-phase-frame-00.png'
00:14.765  render           | Saved: 'C:\Users\yasmo\EchoNetwork\artifacts\eleven-eleven\art\production\echo-opening-uniform-reference\v14-phase-frame-01.png'
00:15.171  render           | Saved: 'C:\Users\yasmo\EchoNetwork\artifacts\eleven-eleven\art\production\echo-opening-uniform-reference\v14-phase-frame-02.png'
00:15.500  render           | Saved: 'C:\Users\yasmo\EchoNetwork\artifacts\eleven-eleven\art\production\echo-opening-uniform-reference\v14-phase-frame-03.png'
00:15.812  render           | Saved: 'C:\Users\yasmo\EchoNetwork\artifacts\eleven-eleven\art\production\echo-opening-uniform-reference\v14-phase-frame-04.png'
00:16.125  render           | Saved: 'C:\Users\yasmo\EchoNetwork\artifacts\eleven-eleven\art\production\echo-opening-uniform-reference\v14-phase-frame-05.png'
00:16.437  render           | Saved: 'C:\Users\yasmo\EchoNetwork\artifacts\eleven-eleven\art\production\echo-opening-uniform-reference\v14-phase-frame-06.png'
00:16.812  render           | Saved: 'C:\Users\yasmo\EchoNetwork\artifacts\eleven-eleven\art\production\echo-opening-uniform-reference\v14-phase-frame-07.png'
00:17.093  render           | Saved: 'C:\Users\yasmo\EchoNetwork\artifacts\eleven-eleven\art\production\echo-opening-uniform-reference\v14-phase-frame-08.png'
00:17.343  render           | Saved: 'C:\Users\yasmo\EchoNetwork\artifacts\eleven-eleven\art\production\echo-opening-uniform-reference\v14-phase-frame-09.png'
00:17.687  render           | Saved: 'C:\Users\yasmo\EchoNetwork\artifacts\eleven-eleven\art\production\echo-opening-uniform-reference\v14-phase-frame-10.png'
00:18.000  render           | Saved: 'C:\Users\yasmo\EchoNetwork\artifacts\eleven-eleven\art\production\echo-opening-uniform-reference\v14-phase-frame-11.png'
00:18.312  render           | Saved: 'C:\Users\yasmo\EchoNetwork\artifacts\eleven-eleven\art\production\echo-opening-uniform-reference\v14-angle-frame-00.png'
00:18.562  render           | Saved: 'C:\Users\yasmo\EchoNetwork\artifacts\eleven-eleven\art\production\echo-opening-uniform-reference\v14-angle-frame-01.png'
00:19.390  render           | Saved: 'C:\Users\yasmo\EchoNetwork\artifacts\eleven-eleven\art\production\echo-opening-uniform-reference\v14-angle-frame-02.png'
00:20.406  render           | Saved: 'C:\Users\yasmo\EchoNetwork\artifacts\eleven-eleven\art\production\echo-opening-uniform-reference\v14-angle-frame-03.png'
00:20.843  render           | Saved: 'C:\Users\yasmo\EchoNetwork\artifacts\eleven-eleven\art\production\echo-opening-uniform-reference\v14-angle-frame-04.png'
00:21.234  render           | Saved: 'C:\Users\yasmo\EchoNetwork\artifacts\eleven-eleven\art\production\echo-opening-uniform-reference\v14-angle-frame-05.png'
00:21.562  render           | Saved: 'C:\Users\yasmo\EchoNetwork\artifacts\eleven-eleven\art\production\echo-opening-uniform-reference\v14-angle-frame-06.png'
00:22.093  render           | Saved: 'C:\Users\yasmo\EchoNetwork\artifacts\eleven-eleven\art\production\echo-opening-uniform-reference\v14-angle-frame-07.png'
00:22.578  render           | Saved: 'C:\Users\yasmo\EchoNetwork\artifacts\eleven-eleven\art\production\echo-opening-uniform-reference\v14-angle-frame-08.png'
00:22.890  render           | Saved: 'C:\Users\yasmo\EchoNetwork\artifacts\eleven-eleven\art\production\echo-opening-uniform-reference\v14-angle-frame-09.png'
00:23.375  render           | Saved: 'C:\Users\yasmo\EchoNetwork\artifacts\eleven-eleven\art\production\echo-opening-uniform-reference\v14-angle-frame-10.png'
00:23.765  render           | Saved: 'C:\Users\yasmo\EchoNetwork\artifacts\eleven-eleven\art\production\echo-opening-uniform-reference\v14-angle-frame-11.png'
00:24.171  render           | Saved: 'C:\Users\yasmo\EchoNetwork\artifacts\eleven-eleven\art\production\echo-opening-uniform-reference\v14-angle-frame-12.png'
00:24.671  render           | Saved: 'C:\Users\yasmo\EchoNetwork\artifacts\eleven-eleven\art\production\echo-opening-uniform-reference\v14-angle-frame-13.png'
00:25.562  render           | Saved: 'C:\Users\yasmo\EchoNetwork\artifacts\eleven-eleven\art\production\echo-opening-uniform-reference\v14-angle-frame-14.png'
00:26.296  render           | Saved: 'C:\Users\yasmo\EchoNetwork\artifacts\eleven-eleven\art\production\echo-opening-uniform-reference\v14-angle-frame-15.png'
00:28.250  render           | Saved: 'C:\Users\yasmo\EchoNetwork\artifacts\eleven-eleven\art\production\echo-opening-uniform-reference\v14-angle-frame-16.png'
00:28.937  render           | Saved: 'C:\Users\yasmo\EchoNetwork\artifacts\eleven-eleven\art\production\echo-opening-uniform-reference\v14-angle-frame-17.png'
00:29.234  render           | Saved: 'C:\Users\yasmo\EchoNetwork\artifacts\eleven-eleven\art\production\echo-opening-uniform-reference\v14-angle-frame-18.png'
00:29.453  render           | Saved: 'C:\Users\yasmo\EchoNetwork\artifacts\eleven-eleven\art\production\echo-opening-uniform-reference\v14-angle-frame-19.png'
00:29.671  render           | Saved: 'C:\Users\yasmo\EchoNetwork\artifacts\eleven-eleven\art\production\echo-opening-uniform-reference\v14-angle-frame-20.png'
00:29.890  render           | Saved: 'C:\Users\yasmo\EchoNetwork\artifacts\eleven-eleven\art\production\echo-opening-uniform-reference\v14-angle-frame-21.png'
00:30.125  render           | Saved: 'C:\Users\yasmo\EchoNetwork\artifacts\eleven-eleven\art\production\echo-opening-uniform-reference\v14-angle-frame-22.png'
00:30.296  render           | Saved: 'C:\Users\yasmo\EchoNetwork\artifacts\eleven-eleven\art\production\echo-opening-uniform-reference\v14-angle-frame-23.png'
V14_REVIEW_FRAMES 36
Blender 5.2.2 LTS (hash d13f752e3b9c built 2026-09-15 01:37:04)

Blender quit
